ExpansionTraderMirek.Weapons|6183.25 307.688 6173.95|-23.63 0.000000 -0.000000|HunterPants_Spring,HuntingJacket_Summer,Balaclava3Holes_Black,CowboyHat_black,CombatBoots_Green,MilitaryBelt,HuntingBag,Armband_Black
ExpansionTraderSeth.Attachments|6182.66 307.69 6172.91|-120.21 0.000000 -0.000000|CargoPants_Green,M65Jacket_Khaki,UKAssVest_Black,WorkingGloves_Black,AviatorGlasses,PilotkaCap,TTSKOBoots,AssaultBag_Black
ExpansionTraderDenis.Clothing|6149.98 307.597 6183.66|147.582 0.000000 -0.000000|SurgicalMask,FlatCap_BlackCheck,DressShoes_Brown,CivilianBelt,SlacksPants_Blue,ManSuit_Blue
ExpansionTraderMaria.Clothing_Accessories|6151.6 307.555 6184.55|147.582 0.000000 -0.000000|QuiltedJacket_Violet,Breeches_Beetcheck,SurgicalGloves_White,ThinFramesGlasses,BaseballCap_Pink,JoggingShoes_Violet,TaloonBag_Violet,Armband_Pink
ExpansionTraderQuinn.Consumables|6147.04 307.748 6177.98|152.293 0.000000 0.000000|CargoPants_Black,Shirt_BlueCheckBright,SurgicalGloves_Blue,BaseballCap_Blue,AthleticShoes_Blue,CivilianBelt,DryBag_Blue
ExpansionTraderJudy.Medicals|6135.63 307.961 6154.79|65.07 0.000000 0.000000|MilitaryBoots_Black,ParamedicPants_Crimson,SurgicalMask,SurgicalGloves_Green,ParamedicJacket_Crimson,ParamedicPants_Blue,MountainBag_Red
ExpansionTraderRolf.Vehicles|6218.81 307.68 6141.91|-109.62 0.000000 -0.000000|SurgicalMask,WorkingBoots_Brown,BaseballCap_Beige,ReflexVest,QuiltedJacket_Grey,CargoPants_Grey
ExpansionTraderNaomi.Vehicle_Parts|6217.88 307.68 6144.07|-109.62 0.000000 -0.000000|SurgicalMask,WorkingBoots_Brown,BaseballCap_Beige,ReflexVest,QuiltedJacket_Grey,CargoPants_Grey
ExpansionTraderIndar.Components|6098.09 310.455 6146.8|84.79 0.000000 -0.000000|QuiltedJacket_Grey,ParamedicPants_Blue,ReflexVest,NioshFaceMask,NBCGlovesGray,FlatCap_Blue,HikingBootsLow_Blue,MountainBag_Blue
ExpansionTraderNiki.BuildingSupplies|6098.07 310.4 6144.8|54.79 0.000000 0.000000|ParamedicJacket_Blue,ParamedicPants_Blue,PoliceVest,NioshFaceMask,NBCGlovesGray,FlatCap_Blue,HikingBootsLow_Blue,MountainBag_Blue
