ExpansionTraderMirek.Weapons|876.3 243.23 5485.3|143.0 0.000000 -0.000000|HunterPants_Spring,HuntingJacket_Summer,Balaclava3Holes_Black,CowboyHat_black,CombatBoots_Green,MilitaryBelt,HuntingBag,Armband_Black,Expansion_M16
ExpansionTraderDenis.Attachments|881.716 243.239 5480.0|-130.0 0.000000 -0.000000|CargoPants_Green,M65Jacket_Khaki,UKAssVest_Black,WorkingGloves_Black,AviatorGlasses,BoonieHat_DPM,TTSKOBoots,AssaultBag_Black,Expansion_M16
ExpansionTraderQuinn.Consumables|862.172 242.5 5498.2|-39.19 0.000000 0.000000|CargoPants_Black,Shirt_BlueCheckBright,SurgicalGloves_Blue,BaseballCap_Blue,AthleticShoes_Blue,CivilianBelt,DryBag_Blue
ExpansionTraderJudy.Medicals|861.55 242.537 5497.35|-131.7 0.000000 -0.000000|MilitaryBoots_Black,ParamedicPants_Crimson,SurgicalMask,SurgicalGloves_Green,ParamedicJacket_Crimson,ParamedicPants_Blue,MountainBag_Red
ExpansionTraderSeth|877.345 243.232 5485.85|175.0 0.000000 -0.000000|GorkaPants_Flat,GorkaEJacket_Flat,UKAssVest_Black,BalaclavaMask_Black,WorkingGloves_Black,AviatorGlasses,BoonieHat_DPM,TTSKOBoots,AssaultBag_Black,Expansion_BenelliM4
ExpansionTraderRolf|875.0 243.265 5484.2|120.0 0.000000 -0.000000|CargoPants_Green,M65Jacket_Khaki,HighCapacityVest_Black,Balaclava3Holes_Green,WorkingGloves_Black,BaseballCap_Black,TTSKOBoots,HuntingBag,M4A1_Black
ExpansionTraderSeth|880.0 247.78 5471.0|-164.358 0.000000 -0.000000|GorkaPants_Flat,GorkaEJacket_Flat,UKAssVest_Black,BalaclavaMask_Black,WorkingGloves_Black,AviatorGlasses,BoonieHat_DPM,TTSKOBoots,AssaultBag_Black,Expansion_BenelliM4
ExpansionTraderRolf|877.6 247.86 5489.52|1.26 0.000000 -0.000000|CargoPants_Green,M65Jacket_Khaki,HighCapacityVest_Black,Balaclava3Holes_Green,WorkingGloves_Black,BaseballCap_Black,TTSKOBoots,HuntingBag,M4A1_Black
